[Bootstrap]
SetupTitle=설치
SetupText=파일 복사 중... 기다리십시오.
CabFile=POCKETQUIZ.CAB
Spawn=Setup1.exe
Uninstal=st6unst.exe
TmpDir=msftqws.pdw
Cabs=1

[Bootstrap Files]
File1=@VB6STKIT.DLL,$(WinSysPathSysFile),,,7/15/00 12:00:00 AM,101888,6.0.84.50
File2=@COMCAT.DLL,$(WinSysPathSysFile),$(DLLSelfRegister),,6/1/99 12:00:00 AM,22288,4.71.1460.1
File3=@VB6KO.DLL,$(WinSysPath),,$(Shared),10/2/00 12:00:00 AM,102160,6.0.89.88
File4=@STDOLE2.TLB,$(WinSysPathSysFile),$(TLBRegister),,6/3/99 12:00:00 AM,17920,2.40.4275.1
File5=@ASYCFILT.DLL,$(WinSysPathSysFile),,,3/8/99 12:00:00 AM,147728,2.40.4275.1
File6=@OLEPRO32.DLL,$(WinSysPathSysFile),$(DLLSelfRegister),,3/8/99 12:00:00 AM,164112,5.0.4275.1
File7=@OLEAUT32.DLL,$(WinSysPathSysFile),$(DLLSelfRegister),,4/12/00 12:00:00 AM,598288,2.40.4275.1
File8=@msvbvm60.dll,$(WinSysPathSysFile),$(DLLSelfRegister),,4/14/08 11:26:48 AM,1384479,6.0.98.2

[IconGroups]
Group0=$(Programs)
PrivateGroup0=-1
Parent0=

[$(Programs)]
Icon1="POCKETQUIZ.exe"
Title1=POCKETQUIZ
StartIn1=$(AppPath)

[Setup]
Title=POCKETQUIZ 2010
DefaultDir=$(ProgramFiles)\POCKETQUIZ
AppExe=POCKETQUIZ.exe
AppToUninstall=POCKETQUIZ.exe

[Setup1 Files]
File1=@agentctl.dll,$(WinSysPath),$(DLLSelfRegister),$(Shared),8/4/04 12:53:12 AM,214016,2.0.0.3422
File2=@MSCC2KO.DLL,$(WinSysPath),,$(Shared),7/22/98 12:00:00 AM,53248,6.0.81.63
File3=@mscomct2.ocx,$(WinSysPath),$(DLLSelfRegister),$(Shared),10/10/08 1:36:32 PM,656200,6.1.98.12
File4=@MSCH2KO.DLL,$(WinSysPath),,$(Shared),7/22/98 12:00:00 AM,93184,6.0.81.63
File5=@MSChrt20.ocx,$(WinSysPath),$(DLLSelfRegister),$(Shared),10/10/08 1:36:34 PM,1030984,6.1.98.12
File6=@TABCTKO.DLL,$(WinSysPath),,$(Shared),7/22/98 12:00:00 AM,18944,6.0.81.63
File7=@TABCTL32.OCX,$(WinSysPath),$(DLLSelfRegister),$(Shared),3/9/04 12:00:00 AM,224016,6.1.97.82
File8=@FLXGDKO.DLL,$(WinSysPath),,$(Shared),7/22/98 12:00:00 AM,35328,6.0.81.63
File9=@MSFlxGrd.ocx,$(WinSysPath),$(DLLSelfRegister),$(Shared),10/10/08 1:36:30 PM,259912,6.1.98.11
File10=@MSCMCKO.DLL,$(WinSysPath),,$(Shared),7/22/98 12:00:00 AM,124416,6.0.81.63
File11=@MSCOMCTL.OCX,$(WinSysPath),$(DLLSelfRegister),$(Shared),3/9/04 12:00:00 AM,1081616,6.1.97.82
File12=@Cmdlgko.dll,$(WinSysPath),,$(Shared),7/25/98 12:00:00 AM,28160,6.0.81.63
File13=@COMDLG32.OCX,$(WinSysPath),$(DLLSelfRegister),$(Shared),3/9/04 12:00:00 AM,152848,6.1.97.82
File14=@VB5DB.DLL,$(WinSysPath),,$(Shared),6/18/98 12:00:00 AM,89360,6.0.81.69
File15=@msjtes40.dll,$(WinSysPathSysFile),$(DLLSelfRegister),,3/25/08 1:50:42 PM,248608,4.0.9502.0
File16=@msrepl40.dll,$(WinSysPathSysFile),,,3/25/08 1:50:52 PM,559904,4.0.9502.0
File17=@msrd3x40.dll,$(WinSysPathSysFile),$(DLLSelfRegister),,3/25/08 1:50:49 PM,322336,4.0.9502.0
File18=@msrd2x40.dll,$(WinSysPathSysFile),$(DLLSelfRegister),,3/25/08 1:50:47 PM,432928,4.0.9502.0
File19=@mswdat10.dll,$(WinSysPathSysFile),,,3/25/08 1:50:57 PM,838432,4.0.9502.0
File20=@mswstr10.dll,$(WinSysPathSysFile),,,3/25/08 1:51:39 PM,621344,4.0.9502.0
File21=@expsrv.dll,$(WinSysPathSysFile),,,8/4/04 12:53:14 AM,380957,6.0.72.9589
File22=@vbajet32.dll,$(WinSysPathSysFile),,,8/4/04 12:53:30 AM,30749,6.0.1.9431
File23=@msjint40.dll,$(WinSysPathSysFile),,,3/25/08 1:51:38 PM,158496,4.0.9502.0
File24=@msjter40.dll,$(WinSysPathSysFile),,,3/25/08 1:50:42 PM,60192,4.0.9502.0
File25=@msjet40.dll,$(WinSysPathSysFile),$(DLLSelfRegister),,3/25/08 1:50:34 PM,1516568,4.0.9511.0
File26=@dao360.dll,$(MSDAOPath),$(DLLSelfRegister),$(Shared),3/25/08 1:50:25 PM,554008,3.60.9512.0
File27=@ctmonth.ocx,$(WinSysPath),$(DLLSelfRegister),$(Shared),4/9/00 9:46:22 PM,151552,5.0.0.0
File28=@ctlist.ocx,$(WinSysPath),$(DLLSelfRegister),$(Shared),4/9/00 11:12:24 PM,188416,3.2.3.1
File29=@wininet.dll,$(WinSysPath),,$(Shared),12/22/09 2:39:52 PM,651264,6.0.2900.3660
File30=@odbccp32.dll,$(WinSysPath),,$(Shared),8/4/04 12:53:24 AM,106496,3.525.1117.0
File31=@POCKETQUIZ.exe,$(AppPath),,,1/26/10 2:42:38 PM,1888256,0.9.0.133

; 다음 행은 모든 설치 디스켓에서 이 파일을 사용자 정의하는 데 필요한 여분의 공간을 얻기 위해 삭제될 수 있습니다.
; 
; XXXXXXXXXXXXXXXXXXXXXXXXXXXXXXXXXXXXXXXXXXXXXXXXXXXXXXXXXXXX
; XXXXXXXXXXXXXXXXXXXXXXXXXXXXXXXXXXXXXXXXXXXXXXXXXXXXXXXXXXXX
; XXXXXXXXXXXXXXXXXXXXXXXXXXXXXXXXXXXXXXXXXXXXXXXXXXXXXXXXXXXX
; XXXXXXXXXXXXXXXXXXXXXXXXXXXXXXXXXXXXXXXXXXXXXXXXXXXXXXXXXXXX
; XXXXXXXXXXXXXXXXXXXXXXXXXXXXXXXXXXXXXXXXXXXXXXXXXXXXXXXXXXXX
; XXXXXXXXXXXXXXXXXXXXXXXXXXXXXXXXXXXXXXXXXXXXXXXXXXXXXXXXXXXX
; XXXXXXXXXXXXXXXXXXXXXXXXXXXXXXXXXXXXXXXXXXXXXXXXXXXXXXXXXXXX
; XXXXXXXXXXXXXXXXXXXXXXXXXXXXXXXXXXXXXXXXXXXXXXXXXXXXXXXXXXXX
; XXXXXXXXXXXXXXXXXXXXXXXXXXXXXXXXXXXXXXXXXXXXXXXXXXXXXXXXXXXX
; XXXXXXXXXXXXXXXXXXXXXXXXXXXXXXXXXXXXXXXXXXXXXXXXXXXXXXXXXXXX
; XXXXXXXXXXXXXXXXXXXXXXXXXXXXXXXXXXXXXXXXXXXXXXXXXXXXXXXXXXXX
; XXXXXXXXXXXXXXXXXXXXXXXXXXXXXXXXXXXXXXXXXXXXXXXXXXXXXXXXXXXX
; XXXXXXXXXXXXXXXXXXXXXXXXXXXXXXXXXXXXXXXXXXXXXXXXXXXXXXXXXXXX
; XXXXXXXXXXXXXXXXXXXXXXXXXXXXXXXXXXXXXXXXXXXXXXXXXXXXXXXXXXXX
; XXXXXXXXXXXXXXXXXXXXXXXXXXXXXXXXXXXXXXXXXXXXXXXXXXXXXXXXXXXX
; XXXXXXXXXXXXXXXXXXXXXXXXXXXXXXXXXXXXXXXXXXXXXXXXXXXXXXXXXXXX
; XXXXXXXXXXXXXXXXXXXXXXXXXXXXXXXXXXXXXXXXXXXXXXXXXXXXXXXXXXXX
; XXXXXXXXXXXXXXXXXXXXXXXXXXXXXXXXXXXXXXXXXXXXXXXXXXXXXXXXXXXX
; XXXXXXXXXXXXXXXXXXXXXXXXXXXXXXXXXXXXXXXXXXXXXXXXXXXXXXXXXXXX
; XXXXXXXXXXXXXXXXXXXXXXXXXXXXXXXXXXXXXXXXXXXXXXXXXXXXXXXXXXXX
; XXXXXXXXXXXXXXXXXXXXXXXXXXXXXXXXXXXXXXXXXXXXXXXXXXXXXXXXXXXX
; XXXXXXXXXXXXXXXXXXXXXXXXXXXXXXXXXXXXXXXXXXXXXXXXXXXXXXXXXXXX
; XXXXXXXXXXXXXXXXXXXXXXXXXXXXXXXXXXXXXXXXXXXXXXXXXXXXXXXXXXXX
; XXXXXXXXXXXXXXXXXXXXXXXXXXXXXXXXXXXXXXXXXXXXXXXXXXXXXXXXXXXX
; XXXXXXXXXXXXXXXXXXXXXXXXXXXXXXXXXXXXXXXXXXXXXXXXXXXXXXXXXXXX
; XXXXXXXXXXXXXXXXXXXXXXXXXXXXXXXXXXXXXXXXXXXXXXXXXXXXXXXXXXXX
; XXXXXXXXXXXXXXXXXXXXXXXXXXXXXXXXXXXXXXXXXXXXXXXXXXXXXXXXXXXX
; XXXXXXXXXXXXXXXXXXXXXXXXXXXXXXXXXXXXXXXXXXXXXXXXXXXXXXXXXXXX
; XXXXXXXXXXXXXXXXXXXXXXXXXXXXXXXXXXXXXXXXXXXXXXXXXXXXXXXXXXXX
; XXXXXXXXXXXXXXXXXXXXXXXXXXXXXXXXXXXXXXXXXXXXXXXXXXXXXXXXXXXX
; XXXXXXXXXXXXXXXXXXXXXXXXXXXXXXXXXXXXXXXXXXXXXXXXXXXXXXXXXXXX
; XXXXXXXXXXXXXXXXXXXXXXXXXXXXXXXXXXXXXXXXXXXXXXXXXXXXXXXXXXXX
; XXXXXXXXXXXXXXXXXXXXXXXXXXXXXXXXXXXXXXXXXXXXXXXXXXXXXXXXXXXX
; XXXXXXXXXXXXXXXXXXXXXXXXXXXXXXXXXXXXXXXXXXXXXXXXXXXXXXXXXXXX
; XXXXXXXXXXXXXXXXXXXXXXXXXXXXXXXXXXXXXXXXXXXXXXXXXXXXXXXXXXXX
